=== Stage-2 Pyroomacoustics multiband directivity benchmark — VECTORIZED CF2 ===
environment: local-docker-fast
python: 3.11.16
pyroomacoustics: 0.10.1
numpy: 2.4.6
platform: Linux-6.12.76-linuxkit-x86_64-with-glibc2.41
cpu: Intel(R) Core(TM) i7-6700 CPU @ 3.40GHz
cpu_count_os: 8
cpu_affinity_count: 8
pra_num_threads: 1
omp_num_threads: 1
openblas_num_threads: 1
mkl_num_threads: 1

=== Fixed benchmark configuration ===
room_dim_m: [6.0, 5.0, 3.0]
source_pos_m: [2.0, 2.5, 1.5]
n_mics: 25
fs_hz: 16000
max_order: 10
absorption_per_band: 0.35
band_centers_hz: [125.0, 250.0, 500.0, 1000.0, 2000.0, 4000.0, 8000.0]
source_orientation_deg: {'azimuth': 0.0, 'colatitude': 90.0, 'roll': 0.0}
CF2: /app/speaker.cf2
CF2 handedness: top_to_left
CF2 interpolation_domain: db
CF2 adapter implementation: vectorized-fast
warmup_rounds: 3
repetitions_per_case: 20

=== Building CF2 adapter once (excluded from compute_rir timing) ===
cf2_build_elapsed_s: 0.001764657000023817
valid_cf2_frequencies_hz: [100.0, 125.0, 160.0, 200.0, 250.0, 315.0, 400.0, 500.0, 630.0, 800.0, 1000.0, 1250.0, 1600.0, 2000.0, 2500.0, 3150.0, 4000.0, 5000.0, 6300.0, 8000.0, 10000.0]
preflight_room_is_multi_band: True
preflight_wall_absorption_shape: (7,)
preflight_cf2_type: <class 'cf2_pra_directivity_fast.CF2SevenBandDirectivityFast'>

=== Warm-up ===
warmup_round=1 order=OMNI -> CARDIOID -> CF2
  OMNI     0.305779 s
  CARDIOID 0.284418 s
  CF2      0.295066 s
warmup_round=2 order=CARDIOID -> CF2 -> OMNI
  CARDIOID 0.362383 s
  CF2      0.419952 s
  OMNI     0.302670 s
warmup_round=3 order=CF2 -> OMNI -> CARDIOID
  CF2      0.326419 s
  OMNI     0.305593 s
  CARDIOID 0.329285 s

=== Measured balanced rounds ===

round 01/20 order=OMNI -> CARDIOID -> CF2
  OMNI     time=0.306353 s | energy_mean=1.561485859e+00 | peak_rss=120.8 MB
  CARDIOID time=0.307173 s | energy_mean=5.160974623e-01 | peak_rss=120.8 MB
  CF2      time=0.286661 s | energy_mean=1.063846624e-01 | peak_rss=120.8 MB

round 02/20 order=CARDIOID -> CF2 -> OMNI
  CARDIOID time=0.265264 s | energy_mean=5.160974623e-01 | peak_rss=120.9 MB
  CF2      time=0.289448 s | energy_mean=1.063846624e-01 | peak_rss=120.9 MB
  OMNI     time=0.260899 s | energy_mean=1.561485859e+00 | peak_rss=120.9 MB

round 03/20 order=CF2 -> OMNI -> CARDIOID
  CF2      time=0.288200 s | energy_mean=1.063846624e-01 | peak_rss=120.9 MB
  OMNI     time=0.257218 s | energy_mean=1.561485859e+00 | peak_rss=120.9 MB
  CARDIOID time=0.267073 s | energy_mean=5.160974623e-01 | peak_rss=120.9 MB

round 04/20 order=OMNI -> CARDIOID -> CF2
  OMNI     time=0.261545 s | energy_mean=1.561485859e+00 | peak_rss=120.9 MB
  CARDIOID time=0.262957 s | energy_mean=5.160974623e-01 | peak_rss=120.9 MB
  CF2      time=0.285115 s | energy_mean=1.063846624e-01 | peak_rss=120.9 MB

round 05/20 order=CARDIOID -> CF2 -> OMNI
  CARDIOID time=0.260291 s | energy_mean=5.160974623e-01 | peak_rss=120.9 MB
  CF2      time=0.286860 s | energy_mean=1.063846624e-01 | peak_rss=120.9 MB
  OMNI     time=0.253744 s | energy_mean=1.561485859e+00 | peak_rss=120.9 MB

round 06/20 order=CF2 -> OMNI -> CARDIOID
  CF2      time=0.343427 s | energy_mean=1.063846624e-01 | peak_rss=120.9 MB
  OMNI     time=0.272461 s | energy_mean=1.561485859e+00 | peak_rss=120.9 MB
  CARDIOID time=0.275348 s | energy_mean=5.160974623e-01 | peak_rss=120.9 MB

round 07/20 order=OMNI -> CARDIOID -> CF2
  OMNI     time=0.278780 s | energy_mean=1.561485859e+00 | peak_rss=120.9 MB
  CARDIOID time=0.285009 s | energy_mean=5.160974623e-01 | peak_rss=120.9 MB
  CF2      time=0.362293 s | energy_mean=1.063846624e-01 | peak_rss=120.9 MB

round 08/20 order=CARDIOID -> CF2 -> OMNI
  CARDIOID time=0.261708 s | energy_mean=5.160974623e-01 | peak_rss=120.9 MB
  CF2      time=0.292221 s | energy_mean=1.063846624e-01 | peak_rss=120.9 MB
  OMNI     time=0.280697 s | energy_mean=1.561485859e+00 | peak_rss=120.9 MB

round 09/20 order=CF2 -> OMNI -> CARDIOID
  CF2      time=0.287962 s | energy_mean=1.063846624e-01 | peak_rss=120.9 MB
  OMNI     time=0.257944 s | energy_mean=1.561485859e+00 | peak_rss=120.9 MB
  CARDIOID time=0.264472 s | energy_mean=5.160974623e-01 | peak_rss=120.9 MB

round 10/20 order=OMNI -> CARDIOID -> CF2
  OMNI     time=0.268706 s | energy_mean=1.561485859e+00 | peak_rss=120.9 MB
  CARDIOID time=0.287339 s | energy_mean=5.160974623e-01 | peak_rss=120.9 MB
  CF2      time=0.290149 s | energy_mean=1.063846624e-01 | peak_rss=120.9 MB

round 11/20 order=CARDIOID -> CF2 -> OMNI
  CARDIOID time=0.261779 s | energy_mean=5.160974623e-01 | peak_rss=120.9 MB
  CF2      time=0.282725 s | energy_mean=1.063846624e-01 | peak_rss=120.9 MB
  OMNI     time=0.263952 s | energy_mean=1.561485859e+00 | peak_rss=120.9 MB

round 12/20 order=CF2 -> OMNI -> CARDIOID
  CF2      time=0.289088 s | energy_mean=1.063846624e-01 | peak_rss=120.9 MB
  OMNI     time=0.257075 s | energy_mean=1.561485859e+00 | peak_rss=120.9 MB
  CARDIOID time=0.268767 s | energy_mean=5.160974623e-01 | peak_rss=120.9 MB

round 13/20 order=OMNI -> CARDIOID -> CF2
  OMNI     time=0.262083 s | energy_mean=1.561485859e+00 | peak_rss=120.9 MB
  CARDIOID time=0.267223 s | energy_mean=5.160974623e-01 | peak_rss=120.9 MB
  CF2      time=0.282798 s | energy_mean=1.063846624e-01 | peak_rss=120.9 MB

round 14/20 order=CARDIOID -> CF2 -> OMNI
  CARDIOID time=0.267164 s | energy_mean=5.160974623e-01 | peak_rss=120.9 MB
  CF2      time=0.283663 s | energy_mean=1.063846624e-01 | peak_rss=120.9 MB
  OMNI     time=0.258461 s | energy_mean=1.561485859e+00 | peak_rss=120.9 MB

round 15/20 order=CF2 -> OMNI -> CARDIOID
  CF2      time=0.282840 s | energy_mean=1.063846624e-01 | peak_rss=120.9 MB
  OMNI     time=0.260326 s | energy_mean=1.561485859e+00 | peak_rss=120.9 MB
  CARDIOID time=0.270736 s | energy_mean=5.160974623e-01 | peak_rss=120.9 MB

round 16/20 order=OMNI -> CARDIOID -> CF2
  OMNI     time=0.254050 s | energy_mean=1.561485859e+00 | peak_rss=120.9 MB
  CARDIOID time=0.269827 s | energy_mean=5.160974623e-01 | peak_rss=120.9 MB
  CF2      time=0.282249 s | energy_mean=1.063846624e-01 | peak_rss=120.9 MB

round 17/20 order=CARDIOID -> CF2 -> OMNI
  CARDIOID time=0.315772 s | energy_mean=5.160974623e-01 | peak_rss=120.9 MB
  CF2      time=0.283386 s | energy_mean=1.063846624e-01 | peak_rss=121.0 MB
  OMNI     time=0.255933 s | energy_mean=1.561485859e+00 | peak_rss=121.0 MB

round 18/20 order=CF2 -> OMNI -> CARDIOID
  CF2      time=0.290276 s | energy_mean=1.063846624e-01 | peak_rss=121.0 MB
  OMNI     time=0.255731 s | energy_mean=1.561485859e+00 | peak_rss=121.0 MB
  CARDIOID time=0.266511 s | energy_mean=5.160974623e-01 | peak_rss=121.0 MB

round 19/20 order=OMNI -> CARDIOID -> CF2
  OMNI     time=0.263434 s | energy_mean=1.561485859e+00 | peak_rss=121.0 MB
  CARDIOID time=0.328733 s | energy_mean=5.160974623e-01 | peak_rss=121.0 MB
  CF2      time=0.328000 s | energy_mean=1.063846624e-01 | peak_rss=121.0 MB

round 20/20 order=CARDIOID -> CF2 -> OMNI
  CARDIOID time=0.270021 s | energy_mean=5.160974623e-01 | peak_rss=121.0 MB
  CF2      time=0.288556 s | energy_mean=1.063846624e-01 | peak_rss=121.0 MB
  OMNI     time=0.257124 s | energy_mean=1.561485859e+00 | peak_rss=121.0 MB

====================================================================================================
FINAL BENCHMARK SUMMARY
====================================================================================================
OMNI     | median=0.260612 s | mean=0.264326 s | std=0.012486 s | min=0.253744 s | max=0.306353 s | vs_omni=1.000x | overhead=+0.0% | energy_vs_omni=+0.000 dB
CARDIOID | median=0.267995 s | mean=0.276158 s | std=0.019323 s | min=0.260291 s | max=0.328733 s | vs_omni=1.028x | overhead=+2.8% | energy_vs_omni=-4.808 dB
CF2      | median=0.288081 s | mean=0.295296 s | std=0.022153 s | min=0.282249 s | max=0.362293 s | vs_omni=1.105x | overhead=+10.5% | energy_vs_omni=-11.667 dB

=== Determinism ===
OMNI     energy_span=0.000e+00
CARDIOID energy_span=0.000e+00
CF2      energy_span=0.000e+00

=== Files ===
/app/results/multiband_directivity_benchmark_fast/runs.csv
/app/results/multiband_directivity_benchmark_fast/summary.csv
/app/results/multiband_directivity_benchmark_fast/mics_first_run.csv
/app/results/multiband_directivity_benchmark_fast/determinism.csv
/app/results/multiband_directivity_benchmark_fast/config.json

=== Interpretation guardrails ===
- Compare timing only among these Stage-2 multiband runs, not against the old single-band Stage-1 timing.
- CF2 build time is reported separately and excluded from compute_rir timing.
- This benchmark measures ISM source-directivity cost at fs=16 kHz and max_order=10.
- Ray tracing is not part of this benchmark.
